// Jest Snapshot v1, https://goo.gl/fbAQLP

exports[`Question 1 component component renders properly 1`] = `ShallowWrapper {}`;
