// Jest Snapshot v1, https://goo.gl/fbAQLP

exports[`Quiz Start Button Navigation User submits form with valid inputs 1`] = `ShallowWrapper {}`;
